// Jest Snapshot v1, https://goo.gl/fbAQLP

exports[`<HeaderLogged/> should render logged correctly 1`] = `
<div class="flex items-center justify-between w-4/5 max-w-6xl py-10">
  <div class="w-28 lg:w-36"><img class="w-full" alt="logo"></div>
  <div class="flex">
    <ul class="flex list-none">
      <li class="py-2 px-6 mr-2 font-bold text-white rounded-full cursor-pointer focus:outline-none"> Credenciais </li>
      <li class="py-2 px-6 mr-2 font-bold text-white rounded-full cursor-pointer focus:outline-none"> Feedbacks </li>
      <li id="logout-button" class="py-2 px-6 font-bold bg-white text-brand-main rounded-full cursor-pointer focus:outline-none">Lincoln (Sair)</li>
    </ul>
  </div>
</div>
`;
